G33a tests/hybrid_uq/test_audit_hybrid_local_route.py -> KILLED | 3 failed, 10 passed in 1.46s | code c84944c2ac2077c1->5cc9a28d40bad455 | pinned: HUQ-01 (HYB-HUQ01a) -- tests/hybrid_uq/test_audit_hybrid_local_route.py
G33b tests/hybrid_uq/test_audit_hybrid_local_route.py -> KILLED | 13 failed in 2.26s | code c84944c2ac2077c1->54451f55bf491abe | pinned: HUQ-01 (HYB-HUQ01b) -- tests/hybrid_uq/test_audit_hybrid_local_route.py
G33c tests/hybrid_uq/test_audit_hybrid_local_route.py -> KILLED | 2 failed, 11 passed in 1.48s | code c84944c2ac2077c1->8898a29d9d52e1f1 | pinned: HUQ-08 (HYB-HUQ08a) -- tests/hybrid_uq/test_audit_hybrid_local_route.py
G33d tests/hybrid_uq/test_audit_hybrid_local_route.py -> KILLED | 1 failed, 12 passed in 1.65s | code c84944c2ac2077c1->56061257a37f3ca9 | pinned: HUQ-08 (HYB-HUQ08b) -- tests/hybrid_uq/test_audit_hybrid_local_route.py
G33e tests/hybrid_uq/test_audit_hybrid_local_route.py -> KILLED | 1 failed, 12 passed in 1.53s | code c84944c2ac2077c1->937c9a7990731a27 | pinned: HUQ-10 (HYB-HUQ10) -- tests/hybrid_uq/test_audit_hybrid_local_route.py
G33i tests/hybrid_uq/test_audit_hybrid_grid_route.py -> KILLED | 2 failed, 8 passed in 1.93s | code 5e79c60fe7a558df->702c5d62b035df7c | pinned: HUQ-04 (HYB-HUQ04c) -- tests/hybrid_uq/test_audit_hybrid_grid_route.py
G33j tests/hybrid_uq/test_audit_hybrid_grid_route.py -> KILLED | 2 failed, 8 passed in 1.73s | code 5e79c60fe7a558df->264c2164dc5e1dde | pinned: HUQ-05 (HYB-HUQ05) -- tests/hybrid_uq/test_audit_hybrid_grid_route.py
G33k tests/hybrid_uq/test_audit_hybrid_grid_route.py -> KILLED | 1 failed, 9 passed in 1.80s | code 5e79c60fe7a558df->816b5d2a994e0a30 | pinned: HUQ-06 (HYB-HUQ06a) -- tests/hybrid_uq/test_audit_hybrid_grid_route.py
G33l tests/hybrid_uq/test_audit_hybrid_grid_route.py -> KILLED | 1 failed, 9 passed in 1.45s | code 5e79c60fe7a558df->0ab4cfde64a8c730 | pinned: HUQ-06 (HYB-HUQ06b) -- tests/hybrid_uq/test_audit_hybrid_grid_route.py
G33r tests/hybrid_uq/test_audit_hybrid_records.py -> KILLED | 12 failed, 28 passed in 1.40s | code c84944c2ac2077c1->ab3106dc4ea9e6d3 | pinned: HUQ-09 (HYB-HUQ09a) -- tests/hybrid_uq/test_audit_hybrid_records.py
G33s tests/hybrid_uq/test_audit_hybrid_records.py -> KILLED | 1 failed, 39 passed in 1.39s | code 5e79c60fe7a558df->ab96b572b635e387 | pinned: HUQ-09 (HYB-HUQ09b) -- tests/hybrid_uq/test_audit_hybrid_records.py
G33t tests/hybrid_uq/test_audit_hybrid_records.py -> KILLED | 2 failed, 38 passed in 1.43s | code 5e79c60fe7a558df->68dd55056cf784d9 | pinned: HUQ-09 (HYB-HUQ09c) -- tests/hybrid_uq/test_audit_hybrid_records.py
G33v tests/hybrid_uq/test_audit_hybrid_records.py -> KILLED | 1 failed, 39 passed in 1.34s | code 5e79c60fe7a558df->32b6743b6cc5c251 | pinned: HUQ-09 (HYB-HUQ09e) -- tests/hybrid_uq/test_audit_hybrid_records.py
G33w tests/hybrid_uq/test_audit_hybrid_records.py -> KILLED | 1 failed, 39 passed in 1.44s | code c84944c2ac2077c1->3beb78e549dbe161 | pinned: HUQ-09 (HYB-HUQ09f) -- tests/hybrid_uq/test_audit_hybrid_records.py
G33x tests/hybrid_uq/test_audit_hybrid_records.py -> KILLED | 1 failed, 39 passed in 1.29s | code c84944c2ac2077c1->269670d82d393831 | pinned: HUQ-10 (HYB-HUQ10b) -- tests/hybrid_uq/test_audit_hybrid_records.py
G33y tests/hybrid_uq/test_audit_hybrid_records.py -> KILLED | 1 failed, 39 passed in 1.43s | code 5e79c60fe7a558df->1d2c06579be324c5 | pinned: HUQ-12 (HYB-HUQ12a) -- tests/hybrid_uq/test_audit_hybrid_records.py
G33z tests/hybrid_uq/test_audit_hybrid_records.py -> KILLED | 1 failed, 39 passed in 1.42s | code 5e79c60fe7a558df->c51c32d38eb262f6 | pinned: HUQ-12 (HYB-HUQ12b) -- tests/hybrid_uq/test_audit_hybrid_records.py
G33aa tests/hybrid_uq/test_audit_hybrid_records.py -> KILLED | 2 failed, 38 passed in 1.40s | code 5e79c60fe7a558df->f9d4e817f9e68c0b | pinned: HUQ-12 (HYB-HUQ12c) -- tests/hybrid_uq/test_audit_hybrid_records.py
G33ae tests/hybrid_uq/test_audit_hybrid_records.py -> KILLED | 1 failed, 39 passed in 1.36s | code c84944c2ac2077c1->aceb694334137451 | pinned: HUQ-13 (HYB-HUQ13a) -- tests/hybrid_uq/test_audit_hybrid_records.py
G33af tests/hybrid_uq/test_audit_hybrid_records.py -> KILLED | 1 failed, 39 passed in 1.30s | code 5e79c60fe7a558df->c749249f99d78e74 | pinned: HUQ-13 (HYB-HUQ13b) -- tests/hybrid_uq/test_audit_hybrid_records.py
G33ag tests/hybrid_uq/test_audit_hybrid_records.py -> KILLED | 1 failed, 39 passed in 1.41s | code c84944c2ac2077c1->c4972e684ebf55e4 | pinned: HUQ-13 (HYB-HUQ13c) -- tests/hybrid_uq/test_audit_hybrid_records.py
G33ah tests/hybrid_uq/test_audit_hybrid_records.py -> KILLED | 2 failed, 38 passed in 1.54s | code 5e79c60fe7a558df->5a4b3d22e0b8b456 | pinned: HUQ-13 (HYB-HUQ13d) -- tests/hybrid_uq/test_audit_hybrid_records.py
CONTROL (unmutated, 3 test(s)) GREEN | 63 passed in 2.27s
