G33a tests/hybrid_uq/test_audit_hybrid_local_route.py -> KILLED | 3 failed, 10 passed in 1.50s | code 53fcb9ca062a22e2->0e950f3250ca4eee | pinned: HUQ-01 (HYB-HUQ01a) -- tests/hybrid_uq/test_audit_hybrid_local_route.py
G33b tests/hybrid_uq/test_audit_hybrid_local_route.py -> KILLED | 13 failed in 1.98s | code 53fcb9ca062a22e2->0292e0e2e4026009 | pinned: HUQ-01 (HYB-HUQ01b) -- tests/hybrid_uq/test_audit_hybrid_local_route.py
G33c tests/hybrid_uq/test_audit_hybrid_local_route.py -> KILLED | 2 failed, 11 passed in 1.24s | code 53fcb9ca062a22e2->5dcec916cd1f9a61 | pinned: HUQ-08 (HYB-HUQ08a) -- tests/hybrid_uq/test_audit_hybrid_local_route.py
G33d tests/hybrid_uq/test_audit_hybrid_local_route.py -> KILLED | 1 failed, 12 passed in 1.64s | code 53fcb9ca062a22e2->2554001a5f0bf449 | pinned: HUQ-08 (HYB-HUQ08b) -- tests/hybrid_uq/test_audit_hybrid_local_route.py
G33e tests/hybrid_uq/test_audit_hybrid_local_route.py -> KILLED | 1 failed, 12 passed in 1.55s | code 53fcb9ca062a22e2->e596a8cd3be7bab0 | pinned: HUQ-10 (HYB-HUQ10) -- tests/hybrid_uq/test_audit_hybrid_local_route.py
G33i tests/hybrid_uq/test_audit_hybrid_grid_route.py -> KILLED | 2 failed, 8 passed in 2.03s | code 454d3c7c2617ad39->2ea315279fa08588 | pinned: HUQ-04 (HYB-HUQ04c) -- tests/hybrid_uq/test_audit_hybrid_grid_route.py
G33j tests/hybrid_uq/test_audit_hybrid_grid_route.py -> KILLED | 2 failed, 8 passed in 1.89s | code 454d3c7c2617ad39->5a830579720a3eea | pinned: HUQ-05 (HYB-HUQ05) -- tests/hybrid_uq/test_audit_hybrid_grid_route.py
G33k tests/hybrid_uq/test_audit_hybrid_grid_route.py -> KILLED | 1 failed, 9 passed in 2.26s | code 454d3c7c2617ad39->e5bf5f2b902e5875 | pinned: HUQ-06 (HYB-HUQ06a) -- tests/hybrid_uq/test_audit_hybrid_grid_route.py
G33l tests/hybrid_uq/test_audit_hybrid_grid_route.py -> KILLED | 1 failed, 9 passed in 2.00s | code 454d3c7c2617ad39->e91037ceef6fe4cf | pinned: HUQ-06 (HYB-HUQ06b) -- tests/hybrid_uq/test_audit_hybrid_grid_route.py
G33m tests/hybrid_uq/test_audit_hybrid_identifiability.py -> KILLED | 1 failed, 1 passed in 1.35s | code 704e698a5ef76b87->93ece44291fcf118 | pinned: HUQ-03 (HYB-HUQ03) -- tests/hybrid_uq/test_audit_hybrid_identifiability.py
G33n tests/hybrid_uq/test_audit_hybrid_identifiability.py -> KILLED | 1 failed, 1 passed in 1.37s | code 704e698a5ef76b87->5c530d109ee1fd01 | pinned: HUQ-14 (HYB-HUQ14) -- tests/hybrid_uq/test_audit_hybrid_identifiability.py
G33r tests/hybrid_uq/test_audit_hybrid_records.py -> KILLED | 12 failed, 28 passed in 1.74s | code 53fcb9ca062a22e2->099ec6d921607a42 | pinned: HUQ-09 (HYB-HUQ09a) -- tests/hybrid_uq/test_audit_hybrid_records.py
G33s tests/hybrid_uq/test_audit_hybrid_records.py -> KILLED | 1 failed, 39 passed in 1.59s | code 454d3c7c2617ad39->0b12e386d85a6e94 | pinned: HUQ-09 (HYB-HUQ09b) -- tests/hybrid_uq/test_audit_hybrid_records.py
G33t tests/hybrid_uq/test_audit_hybrid_records.py -> KILLED | 2 failed, 38 passed in 1.51s | code 454d3c7c2617ad39->c02d1b956b7aa35f | pinned: HUQ-09 (HYB-HUQ09c) -- tests/hybrid_uq/test_audit_hybrid_records.py
G33u tests/hybrid_uq/test_audit_hybrid_records.py -> KILLED | 2 failed, 38 passed in 1.57s | code 704e698a5ef76b87->5d1e3df65a988061 | pinned: HUQ-09 (HYB-HUQ09d) -- tests/hybrid_uq/test_audit_hybrid_records.py
G33v tests/hybrid_uq/test_audit_hybrid_records.py -> KILLED | 1 failed, 39 passed in 1.56s | code 454d3c7c2617ad39->eefebc5fcbda1018 | pinned: HUQ-09 (HYB-HUQ09e) -- tests/hybrid_uq/test_audit_hybrid_records.py
G33w tests/hybrid_uq/test_audit_hybrid_records.py -> KILLED | 1 failed, 39 passed in 1.80s | code 53fcb9ca062a22e2->d7ac159ab49c690a | pinned: HUQ-09 (HYB-HUQ09f) -- tests/hybrid_uq/test_audit_hybrid_records.py
G33x tests/hybrid_uq/test_audit_hybrid_records.py -> KILLED | 1 failed, 39 passed in 1.52s | code 53fcb9ca062a22e2->132ab312380a7a43 | pinned: HUQ-10 (HYB-HUQ10b) -- tests/hybrid_uq/test_audit_hybrid_records.py
G33y tests/hybrid_uq/test_audit_hybrid_records.py -> KILLED | 1 failed, 39 passed in 1.59s | code 454d3c7c2617ad39->644152d983a5a774 | pinned: HUQ-12 (HYB-HUQ12a) -- tests/hybrid_uq/test_audit_hybrid_records.py
G33z tests/hybrid_uq/test_audit_hybrid_records.py -> KILLED | 1 failed, 39 passed in 1.51s | code 454d3c7c2617ad39->7bee459ae0e6a13d | pinned: HUQ-12 (HYB-HUQ12b) -- tests/hybrid_uq/test_audit_hybrid_records.py
G33aa tests/hybrid_uq/test_audit_hybrid_records.py -> KILLED | 2 failed, 38 passed in 1.36s | code 454d3c7c2617ad39->d05deacecd187833 | pinned: HUQ-12 (HYB-HUQ12c) -- tests/hybrid_uq/test_audit_hybrid_records.py
G33ae tests/hybrid_uq/test_audit_hybrid_records.py -> KILLED | 1 failed, 39 passed in 1.50s | code 53fcb9ca062a22e2->88e8fbc4ee2022ac | pinned: HUQ-13 (HYB-HUQ13a) -- tests/hybrid_uq/test_audit_hybrid_records.py
G33af tests/hybrid_uq/test_audit_hybrid_records.py -> KILLED | 1 failed, 39 passed in 1.83s | code 454d3c7c2617ad39->c091363de33775f4 | pinned: HUQ-13 (HYB-HUQ13b) -- tests/hybrid_uq/test_audit_hybrid_records.py
G33ag tests/hybrid_uq/test_audit_hybrid_records.py -> KILLED | 1 failed, 39 passed in 1.74s | code 53fcb9ca062a22e2->b0a9988b64ab400d | pinned: HUQ-13 (HYB-HUQ13c) -- tests/hybrid_uq/test_audit_hybrid_records.py
G33ah tests/hybrid_uq/test_audit_hybrid_records.py -> KILLED | 2 failed, 38 passed in 1.64s | code 454d3c7c2617ad39->ba687f82c032dfa6 | pinned: HUQ-13 (HYB-HUQ13d) -- tests/hybrid_uq/test_audit_hybrid_records.py
CONTROL (unmutated, 4 test(s)) GREEN | 65 passed in 3.22s
