G32e tests/inference/test_audit_inference_heldout_study.py -> KILLED | 2 failed, 17 passed in 6.10s | code 9a9c523711dad9f3->4395d860c1ae51a5 | pinned: INF-01 (INF-01-applicability-at-declared-conditions) -- tests/inference/test_audit_inference_heldout_study.py
G32f tests/inference/test_audit_inference_heldout_study.py -> KILLED | 1 failed, 18 passed in 6.12s | code 9a9c523711dad9f3->49ce7a592afa70c7 | pinned: INF-02 (INF-02-declared-sigma-only) -- tests/inference/test_audit_inference_heldout_study.py
G32h tests/inference/test_audit_inference_heldout_study.py -> KILLED | 2 failed, 17 passed in 5.50s | code 9a9c523711dad9f3->e5937c782b5adc55 | pinned: INF-05 (INF-05-calibrated-only-when-contained) -- tests/inference/test_audit_inference_heldout_study.py
G32i tests/inference/test_audit_inference_heldout_study.py -> KILLED | 1 failed, 18 passed in 5.68s | code 9a9c523711dad9f3->7859057fe3574157 | pinned: INF-05 (INF-05-no-intervals-refused) -- tests/inference/test_audit_inference_heldout_study.py
G33f tests/hybrid_uq/test_audit_hybrid_grid_route.py -> KILLED | 1 failed, 9 passed in 1.83s | code 688a4cbdbfdd965c->f2e2fcef6b6d3773 | pinned: HUQ-02 (HYB-HUQ02) -- tests/hybrid_uq/test_audit_hybrid_grid_route.py
G33g tests/hybrid_uq/test_audit_hybrid_grid_route.py -> KILLED | 1 failed, 9 passed in 1.80s | code 688a4cbdbfdd965c->1a7c428b5b250a9e | pinned: HUQ-04 (HYB-HUQ04a) -- tests/hybrid_uq/test_audit_hybrid_grid_route.py
G33h tests/hybrid_uq/test_audit_hybrid_grid_route.py -> KILLED | 1 failed, 9 passed in 1.83s | code 688a4cbdbfdd965c->6a1f51a1c15b22f0 | pinned: HUQ-04 (HYB-HUQ04b) -- tests/hybrid_uq/test_audit_hybrid_grid_route.py
G33i tests/hybrid_uq/test_audit_hybrid_grid_route.py -> KILLED | 2 failed, 8 passed in 2.03s | code b59cec8263892295->9054ec91be595e67 | pinned: HUQ-04 (HYB-HUQ04c) -- tests/hybrid_uq/test_audit_hybrid_grid_route.py
G33j tests/hybrid_uq/test_audit_hybrid_grid_route.py -> KILLED | 2 failed, 8 passed in 1.89s | code b59cec8263892295->4634c17d6c8145b6 | pinned: HUQ-05 (HYB-HUQ05) -- tests/hybrid_uq/test_audit_hybrid_grid_route.py
G33k tests/hybrid_uq/test_audit_hybrid_grid_route.py -> KILLED | 1 failed, 9 passed in 1.86s | code b59cec8263892295->cb39f4a62845e96d | pinned: HUQ-06 (HYB-HUQ06a) -- tests/hybrid_uq/test_audit_hybrid_grid_route.py
G33l tests/hybrid_uq/test_audit_hybrid_grid_route.py -> KILLED | 1 failed, 9 passed in 1.83s | code b59cec8263892295->cadc3f779a8da580 | pinned: HUQ-06 (HYB-HUQ06b) -- tests/hybrid_uq/test_audit_hybrid_grid_route.py
G33o tests/hybrid_uq/test_audit_hybrid_predictive.py -> KILLED | 1 failed, 2 passed in 1.28s | code 688a4cbdbfdd965c->004483e564cd2176 | pinned: HUQ-07 (HYB-HUQ07a) -- tests/hybrid_uq/test_audit_hybrid_predictive.py
G33p tests/hybrid_uq/test_audit_hybrid_predictive.py -> KILLED | 1 failed, 2 passed in 1.31s | code 688a4cbdbfdd965c->1fc3b98c543722bd | pinned: HUQ-07 (HYB-HUQ07b) -- tests/hybrid_uq/test_audit_hybrid_predictive.py
G33q tests/hybrid_uq/test_audit_hybrid_predictive.py -> KILLED | 1 failed, 2 passed in 1.32s | code 688a4cbdbfdd965c->fb76fd63b5c97368 | pinned: HUQ-11 (HYB-HUQ11) -- tests/hybrid_uq/test_audit_hybrid_predictive.py
G33s tests/hybrid_uq/test_audit_hybrid_records.py -> KILLED | 1 failed, 39 passed in 1.53s | code b59cec8263892295->99ec37b400adb860 | pinned: HUQ-09 (HYB-HUQ09b) -- tests/hybrid_uq/test_audit_hybrid_records.py
G33t tests/hybrid_uq/test_audit_hybrid_records.py -> KILLED | 2 failed, 38 passed in 1.51s | code b59cec8263892295->e7e2accd07a9bafb | pinned: HUQ-09 (HYB-HUQ09c) -- tests/hybrid_uq/test_audit_hybrid_records.py
G33v tests/hybrid_uq/test_audit_hybrid_records.py -> KILLED | 1 failed, 39 passed in 1.53s | code b59cec8263892295->82e47b9d585f139b | pinned: HUQ-09 (HYB-HUQ09e) -- tests/hybrid_uq/test_audit_hybrid_records.py
G33y tests/hybrid_uq/test_audit_hybrid_records.py -> KILLED | 1 failed, 39 passed in 1.50s | code b59cec8263892295->32afbdc17c06c3a7 | pinned: HUQ-12 (HYB-HUQ12a) -- tests/hybrid_uq/test_audit_hybrid_records.py
G33z tests/hybrid_uq/test_audit_hybrid_records.py -> KILLED | 1 failed, 39 passed in 1.51s | code b59cec8263892295->0edbfe75c2cfa81c | pinned: HUQ-12 (HYB-HUQ12b) -- tests/hybrid_uq/test_audit_hybrid_records.py
G33aa tests/hybrid_uq/test_audit_hybrid_records.py -> KILLED | 2 failed, 38 passed in 1.51s | code b59cec8263892295->ff67f9aa4e0e6bdc | pinned: HUQ-12 (HYB-HUQ12c) -- tests/hybrid_uq/test_audit_hybrid_records.py
G33ab tests/hybrid_uq/test_audit_hybrid_records.py -> KILLED | 3 failed, 37 passed in 1.47s | code 688a4cbdbfdd965c->285c3e57d800d093 | pinned: HUQ-12 (HYB-HUQ12d) -- tests/hybrid_uq/test_audit_hybrid_records.py
G33ac tests/hybrid_uq/test_audit_hybrid_records.py -> KILLED | 1 failed, 39 passed in 1.55s | code 688a4cbdbfdd965c->2687f816b66431cb | pinned: HUQ-12 (HYB-HUQ12e) -- tests/hybrid_uq/test_audit_hybrid_records.py
G33ad tests/hybrid_uq/test_audit_hybrid_records.py -> KILLED | 1 failed, 39 passed in 1.49s | code 688a4cbdbfdd965c->e980ffd1c8506b9a | pinned: HUQ-12 (HYB-HUQ12f) -- tests/hybrid_uq/test_audit_hybrid_records.py
G33af tests/hybrid_uq/test_audit_hybrid_records.py -> KILLED | 1 failed, 39 passed in 1.47s | code b59cec8263892295->c1c25f0e3d6dbc84 | pinned: HUQ-13 (HYB-HUQ13b) -- tests/hybrid_uq/test_audit_hybrid_records.py
G33ah tests/hybrid_uq/test_audit_hybrid_records.py -> KILLED | 2 failed, 38 passed in 1.49s | code b59cec8263892295->33f208e1af03e24f | pinned: HUQ-13 (HYB-HUQ13d) -- tests/hybrid_uq/test_audit_hybrid_records.py
CONTROL (unmutated, 4 test(s)) GREEN | 72 passed in 6.94s
