G33a tests/hybrid_uq/test_audit_hybrid_local_route.py -> KILLED | 3 failed, 10 passed in 1.49s | code 0c5b9a549baa0c30->bd70ab5ca0ef58e1 | pinned: HUQ-01 (HYB-HUQ01a) -- tests/hybrid_uq/test_audit_hybrid_local_route.py
G33b tests/hybrid_uq/test_audit_hybrid_local_route.py -> KILLED | 5 failed, 8 passed in 1.49s | code 0c5b9a549baa0c30->7e46d03bf4a86699 | pinned: HUQ-01 (HYB-HUQ01b) -- tests/hybrid_uq/test_audit_hybrid_local_route.py
G33c tests/hybrid_uq/test_audit_hybrid_local_route.py -> KILLED | 2 failed, 11 passed in 1.45s | code 0c5b9a549baa0c30->b6bb111529eee7fe | pinned: HUQ-08 (HYB-HUQ08a) -- tests/hybrid_uq/test_audit_hybrid_local_route.py
G33d tests/hybrid_uq/test_audit_hybrid_local_route.py -> KILLED | 1 failed, 12 passed in 1.53s | code 0c5b9a549baa0c30->0b55d4f1c6a775e8 | pinned: HUQ-08 (HYB-HUQ08b) -- tests/hybrid_uq/test_audit_hybrid_local_route.py
G33e tests/hybrid_uq/test_audit_hybrid_local_route.py -> KILLED | 1 failed, 12 passed in 1.72s | code 0c5b9a549baa0c30->9ccb79bf42b16f9d | pinned: HUQ-10 (HYB-HUQ10) -- tests/hybrid_uq/test_audit_hybrid_local_route.py
G33f tests/hybrid_uq/test_audit_hybrid_grid_route.py -> KILLED | 1 failed, 9 passed in 1.83s | code f24d40ba9284c043->9c72d9c9adadf27c | pinned: HUQ-02 (HYB-HUQ02) -- tests/hybrid_uq/test_audit_hybrid_grid_route.py
G33g tests/hybrid_uq/test_audit_hybrid_grid_route.py -> KILLED | 1 failed, 9 passed in 1.79s | code f24d40ba9284c043->a055ef44c8df0ea4 | pinned: HUQ-04 (HYB-HUQ04a) -- tests/hybrid_uq/test_audit_hybrid_grid_route.py
G33h tests/hybrid_uq/test_audit_hybrid_grid_route.py -> KILLED | 1 failed, 9 passed in 1.80s | code f24d40ba9284c043->071fd1fd1a4be742 | pinned: HUQ-04 (HYB-HUQ04b) -- tests/hybrid_uq/test_audit_hybrid_grid_route.py
G33i tests/hybrid_uq/test_audit_hybrid_grid_route.py -> KILLED | 2 failed, 8 passed in 1.96s | code 2b259d6707d25503->ff5f47be823cdf21 | pinned: HUQ-04 (HYB-HUQ04c) -- tests/hybrid_uq/test_audit_hybrid_grid_route.py
G33j tests/hybrid_uq/test_audit_hybrid_grid_route.py -> KILLED | 2 failed, 8 passed in 1.87s | code 2b259d6707d25503->c68d69f5bbc4f743 | pinned: HUQ-05 (HYB-HUQ05) -- tests/hybrid_uq/test_audit_hybrid_grid_route.py
G33k tests/hybrid_uq/test_audit_hybrid_grid_route.py -> KILLED | 1 failed, 9 passed in 1.79s | code 2b259d6707d25503->e1e83ff15d17566a | pinned: HUQ-06 (HYB-HUQ06a) -- tests/hybrid_uq/test_audit_hybrid_grid_route.py
G33l tests/hybrid_uq/test_audit_hybrid_grid_route.py -> KILLED | 1 failed, 9 passed in 1.76s | code 2b259d6707d25503->96eb4f12c5a21ffa | pinned: HUQ-06 (HYB-HUQ06b) -- tests/hybrid_uq/test_audit_hybrid_grid_route.py
G33o tests/hybrid_uq/test_audit_hybrid_predictive.py -> KILLED | 1 failed, 2 passed in 1.22s | code f24d40ba9284c043->cc9c020d6efc6345 | pinned: HUQ-07 (HYB-HUQ07a) -- tests/hybrid_uq/test_audit_hybrid_predictive.py
G33p tests/hybrid_uq/test_audit_hybrid_predictive.py -> KILLED | 1 failed, 2 passed in 1.24s | code f24d40ba9284c043->dfffc8db7fe8c2d6 | pinned: HUQ-07 (HYB-HUQ07b) -- tests/hybrid_uq/test_audit_hybrid_predictive.py
G33q tests/hybrid_uq/test_audit_hybrid_predictive.py -> KILLED | 1 failed, 2 passed in 1.25s | code f24d40ba9284c043->a8da5df81d45ed5d | pinned: HUQ-11 (HYB-HUQ11) -- tests/hybrid_uq/test_audit_hybrid_predictive.py
G33r tests/hybrid_uq/test_audit_hybrid_records.py -> KILLED | 12 failed, 28 passed in 1.50s | code 0c5b9a549baa0c30->85761e389ab006bb | pinned: HUQ-09 (HYB-HUQ09a) -- tests/hybrid_uq/test_audit_hybrid_records.py
G33s tests/hybrid_uq/test_audit_hybrid_records.py -> KILLED | 1 failed, 39 passed in 1.41s | code 2b259d6707d25503->48190cdd4446a8a9 | pinned: HUQ-09 (HYB-HUQ09b) -- tests/hybrid_uq/test_audit_hybrid_records.py
G33t tests/hybrid_uq/test_audit_hybrid_records.py -> KILLED | 2 failed, 38 passed in 1.45s | code 2b259d6707d25503->64cb949723e19cb5 | pinned: HUQ-09 (HYB-HUQ09c) -- tests/hybrid_uq/test_audit_hybrid_records.py
G33v tests/hybrid_uq/test_audit_hybrid_records.py -> KILLED | 1 failed, 39 passed in 1.45s | code 2b259d6707d25503->22b290e822311d7e | pinned: HUQ-09 (HYB-HUQ09e) -- tests/hybrid_uq/test_audit_hybrid_records.py
G33w tests/hybrid_uq/test_audit_hybrid_records.py -> KILLED | 1 failed, 39 passed in 1.43s | code 0c5b9a549baa0c30->2996379f5f39247d | pinned: HUQ-09 (HYB-HUQ09f) -- tests/hybrid_uq/test_audit_hybrid_records.py
G33x tests/hybrid_uq/test_audit_hybrid_records.py -> KILLED | 1 failed, 39 passed in 1.43s | code 0c5b9a549baa0c30->9fbad201813008c9 | pinned: HUQ-10 (HYB-HUQ10b) -- tests/hybrid_uq/test_audit_hybrid_records.py
G33y tests/hybrid_uq/test_audit_hybrid_records.py -> KILLED | 1 failed, 39 passed in 1.42s | code 2b259d6707d25503->6dda0be376500ea0 | pinned: HUQ-12 (HYB-HUQ12a) -- tests/hybrid_uq/test_audit_hybrid_records.py
G33z tests/hybrid_uq/test_audit_hybrid_records.py -> KILLED | 1 failed, 39 passed in 1.47s | code 2b259d6707d25503->497697497f30c6e9 | pinned: HUQ-12 (HYB-HUQ12b) -- tests/hybrid_uq/test_audit_hybrid_records.py
G33aa tests/hybrid_uq/test_audit_hybrid_records.py -> KILLED | 2 failed, 38 passed in 1.45s | code 2b259d6707d25503->834f6b86c051b2af | pinned: HUQ-12 (HYB-HUQ12c) -- tests/hybrid_uq/test_audit_hybrid_records.py
G33ab tests/hybrid_uq/test_audit_hybrid_records.py -> KILLED | 3 failed, 37 passed in 1.48s | code f24d40ba9284c043->48fd795ca8afb60f | pinned: HUQ-12 (HYB-HUQ12d) -- tests/hybrid_uq/test_audit_hybrid_records.py
G33ac tests/hybrid_uq/test_audit_hybrid_records.py -> KILLED | 1 failed, 39 passed in 1.56s | code f24d40ba9284c043->9445b93e7475a396 | pinned: HUQ-12 (HYB-HUQ12e) -- tests/hybrid_uq/test_audit_hybrid_records.py
G33ad tests/hybrid_uq/test_audit_hybrid_records.py -> KILLED | 1 failed, 39 passed in 1.45s | code f24d40ba9284c043->67c62a65996e7c87 | pinned: HUQ-12 (HYB-HUQ12f) -- tests/hybrid_uq/test_audit_hybrid_records.py
G33ae tests/hybrid_uq/test_audit_hybrid_records.py -> KILLED | 1 failed, 39 passed in 1.45s | code 0c5b9a549baa0c30->728a6df08ee590da | pinned: HUQ-13 (HYB-HUQ13a) -- tests/hybrid_uq/test_audit_hybrid_records.py
G33af tests/hybrid_uq/test_audit_hybrid_records.py -> KILLED | 1 failed, 39 passed in 1.43s | code 2b259d6707d25503->ab51f3257cc34d75 | pinned: HUQ-13 (HYB-HUQ13b) -- tests/hybrid_uq/test_audit_hybrid_records.py
G33ag tests/hybrid_uq/test_audit_hybrid_records.py -> KILLED | 1 failed, 39 passed in 1.39s | code 0c5b9a549baa0c30->c83c0bf5e5e77a49 | pinned: HUQ-13 (HYB-HUQ13c) -- tests/hybrid_uq/test_audit_hybrid_records.py
G33ah tests/hybrid_uq/test_audit_hybrid_records.py -> KILLED | 2 failed, 38 passed in 1.46s | code 2b259d6707d25503->172ca323c491a07c | pinned: HUQ-13 (HYB-HUQ13d) -- tests/hybrid_uq/test_audit_hybrid_records.py
CONTROL (unmutated, 4 test(s)) GREEN | 66 passed in 2.60s
