G33f tests/hybrid_uq/test_audit_hybrid_grid_route.py -> KILLED | 1 failed, 9 passed in 1.80s | code 38c50ea359c1bce3->cf26e07a9a231181 | pinned: HUQ-02 (HYB-HUQ02) -- tests/hybrid_uq/test_audit_hybrid_grid_route.py
G33g tests/hybrid_uq/test_audit_hybrid_grid_route.py -> KILLED | 1 failed, 9 passed in 1.76s | code 38c50ea359c1bce3->af9fe9d38ad1925a | pinned: HUQ-04 (HYB-HUQ04a) -- tests/hybrid_uq/test_audit_hybrid_grid_route.py
G33h tests/hybrid_uq/test_audit_hybrid_grid_route.py -> KILLED | 1 failed, 9 passed in 1.75s | code 38c50ea359c1bce3->7aa31e131981507f | pinned: HUQ-04 (HYB-HUQ04b) -- tests/hybrid_uq/test_audit_hybrid_grid_route.py
G33i tests/hybrid_uq/test_audit_hybrid_grid_route.py -> KILLED | 2 failed, 8 passed in 1.86s | code d214b2038130e54e->1a580c034e3f7ea0 | pinned: HUQ-04 (HYB-HUQ04c) -- tests/hybrid_uq/test_audit_hybrid_grid_route.py
G33j tests/hybrid_uq/test_audit_hybrid_grid_route.py -> KILLED | 2 failed, 8 passed in 1.72s | code d214b2038130e54e->6c10986442b6e30e | pinned: HUQ-05 (HYB-HUQ05) -- tests/hybrid_uq/test_audit_hybrid_grid_route.py
G33k tests/hybrid_uq/test_audit_hybrid_grid_route.py -> KILLED | 1 failed, 9 passed in 1.85s | code d214b2038130e54e->9ee1957577b6e70e | pinned: HUQ-06 (HYB-HUQ06a) -- tests/hybrid_uq/test_audit_hybrid_grid_route.py
G33l tests/hybrid_uq/test_audit_hybrid_grid_route.py -> KILLED | 1 failed, 9 passed in 1.75s | code d214b2038130e54e->a770d262bcaad75f | pinned: HUQ-06 (HYB-HUQ06b) -- tests/hybrid_uq/test_audit_hybrid_grid_route.py
G33o tests/hybrid_uq/test_audit_hybrid_predictive.py -> KILLED | 1 failed, 2 passed in 1.24s | code 38c50ea359c1bce3->061c05084623ddb3 | pinned: HUQ-07 (HYB-HUQ07a) -- tests/hybrid_uq/test_audit_hybrid_predictive.py
G33p tests/hybrid_uq/test_audit_hybrid_predictive.py -> KILLED | 1 failed, 2 passed in 1.25s | code 38c50ea359c1bce3->dc202e231c3b01d8 | pinned: HUQ-07 (HYB-HUQ07b) -- tests/hybrid_uq/test_audit_hybrid_predictive.py
G33q tests/hybrid_uq/test_audit_hybrid_predictive.py -> KILLED | 1 failed, 2 passed in 1.22s | code 38c50ea359c1bce3->df0d9f22a8b8e791 | pinned: HUQ-11 (HYB-HUQ11) -- tests/hybrid_uq/test_audit_hybrid_predictive.py
G33s tests/hybrid_uq/test_audit_hybrid_records.py -> KILLED | 1 failed, 39 passed in 1.38s | code d214b2038130e54e->4ee50fca94f62e4d | pinned: HUQ-09 (HYB-HUQ09b) -- tests/hybrid_uq/test_audit_hybrid_records.py
G33t tests/hybrid_uq/test_audit_hybrid_records.py -> KILLED | 2 failed, 38 passed in 1.41s | code d214b2038130e54e->03bd35c195261c55 | pinned: HUQ-09 (HYB-HUQ09c) -- tests/hybrid_uq/test_audit_hybrid_records.py
G33v tests/hybrid_uq/test_audit_hybrid_records.py -> KILLED | 1 failed, 39 passed in 1.40s | code d214b2038130e54e->b08d30ad505e8138 | pinned: HUQ-09 (HYB-HUQ09e) -- tests/hybrid_uq/test_audit_hybrid_records.py
G33y tests/hybrid_uq/test_audit_hybrid_records.py -> KILLED | 1 failed, 39 passed in 1.49s | code d214b2038130e54e->cf46f1d210a11cee | pinned: HUQ-12 (HYB-HUQ12a) -- tests/hybrid_uq/test_audit_hybrid_records.py
G33z tests/hybrid_uq/test_audit_hybrid_records.py -> KILLED | 1 failed, 39 passed in 1.40s | code d214b2038130e54e->50089005912748ad | pinned: HUQ-12 (HYB-HUQ12b) -- tests/hybrid_uq/test_audit_hybrid_records.py
G33aa tests/hybrid_uq/test_audit_hybrid_records.py -> KILLED | 2 failed, 38 passed in 1.44s | code d214b2038130e54e->7fa6254cdb7c96eb | pinned: HUQ-12 (HYB-HUQ12c) -- tests/hybrid_uq/test_audit_hybrid_records.py
G33ab tests/hybrid_uq/test_audit_hybrid_records.py -> KILLED | 3 failed, 37 passed in 1.42s | code 38c50ea359c1bce3->4debdfabfac583c6 | pinned: HUQ-12 (HYB-HUQ12d) -- tests/hybrid_uq/test_audit_hybrid_records.py
G33ac tests/hybrid_uq/test_audit_hybrid_records.py -> KILLED | 1 failed, 39 passed in 1.40s | code 38c50ea359c1bce3->25940f250a123800 | pinned: HUQ-12 (HYB-HUQ12e) -- tests/hybrid_uq/test_audit_hybrid_records.py
G33ad tests/hybrid_uq/test_audit_hybrid_records.py -> KILLED | 1 failed, 39 passed in 1.38s | code 38c50ea359c1bce3->1777814367d4f57d | pinned: HUQ-12 (HYB-HUQ12f) -- tests/hybrid_uq/test_audit_hybrid_records.py
G33af tests/hybrid_uq/test_audit_hybrid_records.py -> KILLED | 1 failed, 39 passed in 1.45s | code d214b2038130e54e->72355b4418748189 | pinned: HUQ-13 (HYB-HUQ13b) -- tests/hybrid_uq/test_audit_hybrid_records.py
G33ah tests/hybrid_uq/test_audit_hybrid_records.py -> KILLED | 2 failed, 38 passed in 1.45s | code d214b2038130e54e->805e4a2c3bbbbda3 | pinned: HUQ-13 (HYB-HUQ13d) -- tests/hybrid_uq/test_audit_hybrid_records.py
CONTROL (unmutated, 3 test(s)) GREEN | 53 passed in 2.16s
