B15a test_r72_a_misspelled_requirements_key_is_refused -> KILLED | 1 failed in 0.44s | code d99a67025c60201c->14172bdac108acf7 | R-72, the audited case: a misspelled `validation_requirements` key is dropped again, so the record round-trips to a problem with no requirements and still reads as though it stated them
B15b test_r72_a_misspelled_uncertainty_key_is_refused -> KILLED | 1 failed in 0.42s | code d99a67025c60201c->f0e321578585faf3 | R-72: the problem reader stops checking its own key set, which is where the drop happened
B15c test_r72_an_unknown_key_inside_the_uncertainty_specification_is_refused -> KILLED | 1 failed in 0.49s | code d99a67025c60201c->eb72d9d276b36c0b | R-72: a misspelling INSIDE the specification -- `confidence_levl` -- is dropped again, so the demand arrives without the level it was made at
B15d test_r72_a_present_but_empty_uncertainty_key_is_refused -> KILLED | 1 failed in 0.49s | code d99a67025c60201c->acf53ce13424b194 | R-72: a present-but-empty `uncertainty` value is read as `no uncertainty demanded` again, which is a declaration the reader invents
B15e test_r72_a_requirement_naming_no_check_kind_is_unsatisfiable -> KILLED | 1 failed in 0.72s | code 43afed6e45b89b3b->d0ca7819e10b12e4 | R-72: `numerically_convergd` stops being reported as a requirement no result can ever satisfy
B15f test_r72_the_kinds_the_three_declaring_problems_name_are_all_registered -> KILLED | 1 failed in 0.96s | code 679d3bfc782c51e3->aa6191adf62374e1 | the SHA-pinned conduction1d tree's kinds stop being declared on its behalf, so the frozen slab problem's own five requirements read as naming nothing
B15g test_r72_the_kinds_the_three_declaring_problems_name_are_all_registered -> KILLED | 1 failed in 0.90s | code 37fd94518f521e94->5cb7aed7bfbc1b85 | three of the DC domain's six emitted kinds stop being registered, so its problem's requirements read as naming nothing
B15h test_r72_the_kinds_the_three_declaring_problems_name_are_all_registered -> KILLED | 1 failed in 1.00s | code f07e8e65f14accbf->0410e51331918cd0 | two of the CSTR domain's emitted kinds stop being registered
B15i test_r72_a_declared_check_that_did_not_pass_is_unmet -> KILLED | 1 failed in 0.50s | code 43afed6e45b89b3b->160fb0678e2806ca | R-72: a check of the right name that did NOT pass satisfies the requirement again -- a NOT_RUN check says the opposite of what the declaration promises
B15j test_r72_a_quantified_demand_is_unmet_by_an_unknown_record -> KILLED | 1 failed in 0.52s | code 43afed6e45b89b3b->8827b38b17747390 | R-72: a demand for QUANTIFIED uncertainty is satisfied by the record's own word for `not evaluated`
B15k test_r72_a_demanded_confidence_level_is_the_one_the_record_must_declare -> KILLED | 1 failed in 0.53s | code 43afed6e45b89b3b->3bb1d416a046cec2 | R-72: an interval at 68 % satisfies a demand for 95 % again
B15l test_r72_a_record_that_declares_no_confidence_level_does_not_satisfy_a_demand_for_one -> KILLED | 1 failed in 0.53s | code 43afed6e45b89b3b->12ccf839a6f85460 | a record that declares no coverage at all satisfies a demand for a named one
B15m test_r72_a_metric_the_problem_does_not_carry_can_never_be_satisfied -> KILLED | 1 failed in 0.47s | code 43afed6e45b89b3b->6967a9251870f144 | a demand about a name the problem does not carry stops being reported
B15n test_r72_what_is_unmet_becomes_a_not_run_check_and_nothing_else_does -> KILLED | 1 failed in 0.52s | code 43afed6e45b89b3b->fd7dd9d5bdfd680f | R-72: an unmet validation requirement stops becoming a record, so it reaches no reader and no verdict
B15o test_r72_what_is_unmet_becomes_a_not_run_check_and_nothing_else_does -> KILLED | 1 failed in 0.49s | code 43afed6e45b89b3b->a815167cab989814 | R-72: the same for the uncertainty half
B15p test_r72_a_report_over_several_problems_carries_one_check_naming_each -> KILLED | 1 failed in 0.53s | code 43afed6e45b89b3b->8bc5a79b9bbadbeb | a report answering two problems names only the first one's unmet requirement, so the second's disappears behind a check that looks answered
B15q test_r72_a_dc_result_says_so_when_a_declared_check_is_missing -> KILLED | 1 failed in 0.69s | code 43afed6e45b89b3b->d89f9561e63e377c | R-72: a producer's result stops carrying its own unmet declaration, so the verdict travels only with a report somebody remembered to assemble
B15r test_r72_the_trusted_runtime_does_not_call_such_a_record_trusted -> KILLED | 1 failed in 0.51s | code 17d7dae9e8e9a196->5628b1bdebc20c92 | R-72's audited trusted-runtime case exactly: `validation checks ['dimensional_consistency'] status pass trusted True` against a problem requiring two other checks
B15s test_r72_the_trusted_runtime_does_not_call_such_a_record_trusted -> KILLED | 1 failed in 0.52s | code 17d7dae9e8e9a196->e833c8ddbe57e16c | the trusted record re-derives nothing and answers that every declaration is met
B15t test_r72_the_credibility_boundary_carries_the_unmet_declaration_when_it_is_given_the_problem -> KILLED | 1 failed in 0.83s | code d8e971ae958066dd->d457f36cf87a02da | R-72: the credibility boundary accepts the problem and reads nothing from it, which is the state the re-audit found -- `from_result` never saw a problem at all
B15u test_r72_both_editable_domain_result_builders_read_their_problems_declaration -> KILLED | 1 failed in 0.52s | code 08ccb9d859aa69b5->3dc1abd111022901 | the CSTR runner stops reading its problem's declaration while still looking as though it does
CONTROL (unmutated, 17 test(s)) GREEN | 17 passed in 1.14s
