G33a tests/hybrid_uq/test_audit_hybrid_local_route.py -> KILLED | 3 failed, 10 passed in 1.74s | code 7338de8dbb5033da->5c2b8b96613a5b4a | pinned: HUQ-01 (HYB-HUQ01a) -- tests/hybrid_uq/test_audit_hybrid_local_route.py
G33b tests/hybrid_uq/test_audit_hybrid_local_route.py -> KILLED | 5 failed, 8 passed in 1.67s | code 7338de8dbb5033da->a6f923e362f3a1c0 | pinned: HUQ-01 (HYB-HUQ01b) -- tests/hybrid_uq/test_audit_hybrid_local_route.py
G33c tests/hybrid_uq/test_audit_hybrid_local_route.py -> KILLED | 2 failed, 11 passed in 1.67s | code 7338de8dbb5033da->7079ed7b819b8b0f | pinned: HUQ-08 (HYB-HUQ08a) -- tests/hybrid_uq/test_audit_hybrid_local_route.py
G33d tests/hybrid_uq/test_audit_hybrid_local_route.py -> KILLED | 1 failed, 12 passed in 1.88s | code 7338de8dbb5033da->e1226c7a624196c9 | pinned: HUQ-08 (HYB-HUQ08b) -- tests/hybrid_uq/test_audit_hybrid_local_route.py
G33e tests/hybrid_uq/test_audit_hybrid_local_route.py -> KILLED | 1 failed, 12 passed in 2.04s | code 7338de8dbb5033da->eebd2e924a41a245 | pinned: HUQ-10 (HYB-HUQ10) -- tests/hybrid_uq/test_audit_hybrid_local_route.py
G33i tests/hybrid_uq/test_audit_hybrid_grid_route.py -> KILLED | 2 failed, 8 passed in 2.39s | code 35702d8d10571da6->13be1299575aed5a | pinned: HUQ-04 (HYB-HUQ04c) -- tests/hybrid_uq/test_audit_hybrid_grid_route.py
G33j tests/hybrid_uq/test_audit_hybrid_grid_route.py -> KILLED | 2 failed, 8 passed in 2.26s | code 35702d8d10571da6->fd4c5eeb8ac0e0ab | pinned: HUQ-05 (HYB-HUQ05) -- tests/hybrid_uq/test_audit_hybrid_grid_route.py
G33k tests/hybrid_uq/test_audit_hybrid_grid_route.py -> KILLED | 1 failed, 9 passed in 2.09s | code 35702d8d10571da6->75368ed3d59b3bdb | pinned: HUQ-06 (HYB-HUQ06a) -- tests/hybrid_uq/test_audit_hybrid_grid_route.py
G33l tests/hybrid_uq/test_audit_hybrid_grid_route.py -> KILLED | 1 failed, 9 passed in 2.07s | code 35702d8d10571da6->f9e18338c93a2b72 | pinned: HUQ-06 (HYB-HUQ06b) -- tests/hybrid_uq/test_audit_hybrid_grid_route.py
G33r tests/hybrid_uq/test_audit_hybrid_records.py -> KILLED | 12 failed, 28 passed in 1.63s | code 7338de8dbb5033da->4d04dee05738390c | pinned: HUQ-09 (HYB-HUQ09a) -- tests/hybrid_uq/test_audit_hybrid_records.py
G33s tests/hybrid_uq/test_audit_hybrid_records.py -> KILLED | 1 failed, 39 passed in 1.76s | code 35702d8d10571da6->c026a82411e43141 | pinned: HUQ-09 (HYB-HUQ09b) -- tests/hybrid_uq/test_audit_hybrid_records.py
G33t tests/hybrid_uq/test_audit_hybrid_records.py -> KILLED | 2 failed, 38 passed in 1.59s | code 35702d8d10571da6->5fc1c00c624eae8b | pinned: HUQ-09 (HYB-HUQ09c) -- tests/hybrid_uq/test_audit_hybrid_records.py
G33v tests/hybrid_uq/test_audit_hybrid_records.py -> KILLED | 1 failed, 39 passed in 1.63s | code 35702d8d10571da6->7b002c8fc492befa | pinned: HUQ-09 (HYB-HUQ09e) -- tests/hybrid_uq/test_audit_hybrid_records.py
G33w tests/hybrid_uq/test_audit_hybrid_records.py -> KILLED | 1 failed, 39 passed in 1.55s | code 7338de8dbb5033da->87fcf2015c419baa | pinned: HUQ-09 (HYB-HUQ09f) -- tests/hybrid_uq/test_audit_hybrid_records.py
G33x tests/hybrid_uq/test_audit_hybrid_records.py -> KILLED | 1 failed, 39 passed in 1.59s | code 7338de8dbb5033da->472791414c5d4b8a | pinned: HUQ-10 (HYB-HUQ10b) -- tests/hybrid_uq/test_audit_hybrid_records.py
G33y tests/hybrid_uq/test_audit_hybrid_records.py -> KILLED | 1 failed, 39 passed in 1.58s | code 35702d8d10571da6->b5702fc8edb8de50 | pinned: HUQ-12 (HYB-HUQ12a) -- tests/hybrid_uq/test_audit_hybrid_records.py
G33z tests/hybrid_uq/test_audit_hybrid_records.py -> KILLED | 1 failed, 39 passed in 1.59s | code 35702d8d10571da6->20dac901f5d70a25 | pinned: HUQ-12 (HYB-HUQ12b) -- tests/hybrid_uq/test_audit_hybrid_records.py
G33aa tests/hybrid_uq/test_audit_hybrid_records.py -> KILLED | 2 failed, 38 passed in 1.59s | code 35702d8d10571da6->81f768b6dae0450f | pinned: HUQ-12 (HYB-HUQ12c) -- tests/hybrid_uq/test_audit_hybrid_records.py
G33ae tests/hybrid_uq/test_audit_hybrid_records.py -> KILLED | 1 failed, 39 passed in 1.60s | code 7338de8dbb5033da->bc307fc770799360 | pinned: HUQ-13 (HYB-HUQ13a) -- tests/hybrid_uq/test_audit_hybrid_records.py
G33af tests/hybrid_uq/test_audit_hybrid_records.py -> KILLED | 1 failed, 39 passed in 1.59s | code 35702d8d10571da6->176ba03fd367c9bb | pinned: HUQ-13 (HYB-HUQ13b) -- tests/hybrid_uq/test_audit_hybrid_records.py
G33ag tests/hybrid_uq/test_audit_hybrid_records.py -> KILLED | 1 failed, 39 passed in 1.57s | code 7338de8dbb5033da->e505134dd086686e | pinned: HUQ-13 (HYB-HUQ13c) -- tests/hybrid_uq/test_audit_hybrid_records.py
G33ah tests/hybrid_uq/test_audit_hybrid_records.py -> KILLED | 2 failed, 38 passed in 1.60s | code 35702d8d10571da6->48fe4191ca7b8d88 | pinned: HUQ-13 (HYB-HUQ13d) -- tests/hybrid_uq/test_audit_hybrid_records.py
CONTROL (unmutated, 3 test(s)) GREEN | 63 passed in 3.02s
