G33a tests/hybrid_uq/test_audit_hybrid_local_route.py -> KILLED | 3 failed, 10 passed in 1.56s | code 455e67624faaec5e->07df541463b06adc | pinned: HUQ-01 (HYB-HUQ01a) -- tests/hybrid_uq/test_audit_hybrid_local_route.py
G33b tests/hybrid_uq/test_audit_hybrid_local_route.py -> KILLED | 5 failed, 8 passed in 1.58s | code 455e67624faaec5e->8ef5c4d2649ff268 | pinned: HUQ-01 (HYB-HUQ01b) -- tests/hybrid_uq/test_audit_hybrid_local_route.py
G33c tests/hybrid_uq/test_audit_hybrid_local_route.py -> KILLED | 2 failed, 11 passed in 1.59s | code 455e67624faaec5e->4b766fb026c79174 | pinned: HUQ-08 (HYB-HUQ08a) -- tests/hybrid_uq/test_audit_hybrid_local_route.py
G33d tests/hybrid_uq/test_audit_hybrid_local_route.py -> KILLED | 1 failed, 12 passed in 1.64s | code 455e67624faaec5e->22da163735750e03 | pinned: HUQ-08 (HYB-HUQ08b) -- tests/hybrid_uq/test_audit_hybrid_local_route.py
G33e tests/hybrid_uq/test_audit_hybrid_local_route.py -> KILLED | 1 failed, 12 passed in 1.69s | code 455e67624faaec5e->06792984323727f7 | pinned: HUQ-10 (HYB-HUQ10) -- tests/hybrid_uq/test_audit_hybrid_local_route.py
G33f tests/hybrid_uq/test_audit_hybrid_grid_route.py -> KILLED | 1 failed, 9 passed in 1.90s | code 9b66d31afedef260->2f27a1fb37b1a4ea | pinned: HUQ-02 (HYB-HUQ02) -- tests/hybrid_uq/test_audit_hybrid_grid_route.py
G33g tests/hybrid_uq/test_audit_hybrid_grid_route.py -> KILLED | 1 failed, 9 passed in 1.92s | code 9b66d31afedef260->b1ea1eead6a0419f | pinned: HUQ-04 (HYB-HUQ04a) -- tests/hybrid_uq/test_audit_hybrid_grid_route.py
G33h tests/hybrid_uq/test_audit_hybrid_grid_route.py -> KILLED | 1 failed, 9 passed in 1.86s | code 9b66d31afedef260->6bacfebda25e2f66 | pinned: HUQ-04 (HYB-HUQ04b) -- tests/hybrid_uq/test_audit_hybrid_grid_route.py
G33o tests/hybrid_uq/test_audit_hybrid_predictive.py -> KILLED | 1 failed, 2 passed in 1.26s | code 9b66d31afedef260->e0cd52916e2578db | pinned: HUQ-07 (HYB-HUQ07a) -- tests/hybrid_uq/test_audit_hybrid_predictive.py
G33p tests/hybrid_uq/test_audit_hybrid_predictive.py -> KILLED | 1 failed, 2 passed in 1.26s | code 9b66d31afedef260->cfe12ca496886264 | pinned: HUQ-07 (HYB-HUQ07b) -- tests/hybrid_uq/test_audit_hybrid_predictive.py
G33q tests/hybrid_uq/test_audit_hybrid_predictive.py -> KILLED | 1 failed, 2 passed in 1.27s | code 9b66d31afedef260->379d0f65afcfeda7 | pinned: HUQ-11 (HYB-HUQ11) -- tests/hybrid_uq/test_audit_hybrid_predictive.py
G33r tests/hybrid_uq/test_audit_hybrid_records.py -> KILLED | 12 failed, 28 passed in 1.57s | code 455e67624faaec5e->08bbb739dc4fdd65 | pinned: HUQ-09 (HYB-HUQ09a) -- tests/hybrid_uq/test_audit_hybrid_records.py
G33w tests/hybrid_uq/test_audit_hybrid_records.py -> KILLED | 1 failed, 39 passed in 1.52s | code 455e67624faaec5e->12d930bfcec51acc | pinned: HUQ-09 (HYB-HUQ09f) -- tests/hybrid_uq/test_audit_hybrid_records.py
G33x tests/hybrid_uq/test_audit_hybrid_records.py -> KILLED | 1 failed, 39 passed in 1.46s | code 455e67624faaec5e->b2a46e4071d708db | pinned: HUQ-10 (HYB-HUQ10b) -- tests/hybrid_uq/test_audit_hybrid_records.py
G33ab tests/hybrid_uq/test_audit_hybrid_records.py -> KILLED | 3 failed, 37 passed in 1.57s | code 9b66d31afedef260->35eb2997bde4044a | pinned: HUQ-12 (HYB-HUQ12d) -- tests/hybrid_uq/test_audit_hybrid_records.py
G33ac tests/hybrid_uq/test_audit_hybrid_records.py -> KILLED | 1 failed, 39 passed in 1.58s | code 9b66d31afedef260->339f061128eaa27c | pinned: HUQ-12 (HYB-HUQ12e) -- tests/hybrid_uq/test_audit_hybrid_records.py
G33ad tests/hybrid_uq/test_audit_hybrid_records.py -> KILLED | 1 failed, 39 passed in 1.49s | code 9b66d31afedef260->36b611169e4ac74c | pinned: HUQ-12 (HYB-HUQ12f) -- tests/hybrid_uq/test_audit_hybrid_records.py
G33ae tests/hybrid_uq/test_audit_hybrid_records.py -> KILLED | 1 failed, 39 passed in 1.55s | code 455e67624faaec5e->3c1a29b3304a2a99 | pinned: HUQ-13 (HYB-HUQ13a) -- tests/hybrid_uq/test_audit_hybrid_records.py
G33ag tests/hybrid_uq/test_audit_hybrid_records.py -> KILLED | 1 failed, 39 passed in 1.54s | code 455e67624faaec5e->8489c6dcc189a331 | pinned: HUQ-13 (HYB-HUQ13c) -- tests/hybrid_uq/test_audit_hybrid_records.py
CONTROL (unmutated, 4 test(s)) GREEN | 66 passed in 2.86s
